Copyright 1986-2022 Xilinx, Inc. All Rights Reserved. Copyright 2022-2025 Advanced Micro Devices, Inc. All Rights Reserved.
----------------------------------------------------------------------------------------------------------------------------------------------------
| Tool Version     : Vivado v.2025.1 (lin64) Build 6140274 Wed May 21 22:58:25 MDT 2025
| Date             : Fri Jun 12 15:03:54 2026
| Host             : planet-clockwork running 64-bit EndeavourOS Linux
| Command          : report_power -file system_top_power_routed.rpt -pb system_top_power_summary_routed.pb -rpx system_top_power_routed.rpx
| Design           : system_top
| Device           : xc7z020clg400-1
| Design State     : routed
| Grade            : commercial
| Process          : typical
| Characterization : Production
----------------------------------------------------------------------------------------------------------------------------------------------------

Power Report

Table of Contents
-----------------
1. Summary
1.1 On-Chip Components
1.2 Power Supply Summary
1.3 Confidence Level
2. Settings
2.1 Environment
2.2 Clock Constraints
3. Detailed Reports
3.1 By Hierarchy

1. Summary
----------

+--------------------------+--------------+
| Total On-Chip Power (W)  | 2.224        |
| Design Power Budget (W)  | Unspecified* |
| Power Budget Margin (W)  | NA           |
| Dynamic (W)              | 2.061        |
| Device Static (W)        | 0.164        |
| Effective TJA (C/W)      | 11.5         |
| Max Ambient (C)          | 59.3         |
| Junction Temperature (C) | 50.7         |
| Confidence Level         | Low          |
| Setting File             | ---          |
| Simulation Activity File | ---          |
| Design Nets Matched      | NA           |
+--------------------------+--------------+
* Specify Design Power Budget using, set_operating_conditions -design_power_budget <value in Watts>


1.1 On-Chip Components
----------------------

+-------------------------+-----------+----------+-----------+-----------------+
| On-Chip                 | Power (W) | Used     | Available | Utilization (%) |
+-------------------------+-----------+----------+-----------+-----------------+
| Clocks                  |     0.064 |       17 |       --- |             --- |
| Slice Logic             |     0.023 |    36153 |       --- |             --- |
|   LUT as Logic          |     0.017 |    14174 |     53200 |           26.64 |
|   Register              |     0.003 |    16361 |    106400 |           15.38 |
|   CARRY4                |     0.002 |     1328 |     13300 |            9.98 |
|   LUT as Shift Register |    <0.001 |      234 |     17400 |            1.34 |
|   F7/F8 Muxes           |    <0.001 |       57 |     53200 |            0.11 |
|   Others                |     0.000 |      745 |       --- |             --- |
| Signals                 |     0.047 |    29737 |       --- |             --- |
| Block RAM               |     0.003 |      7.5 |       140 |            5.36 |
| MMCM                    |     0.567 |        2 |         4 |           50.00 |
| DSPs                    |     0.044 |       68 |       220 |           30.91 |
| I/O                     |     0.322 |       49 |       125 |           39.20 |
| PS7                     |     1.280 |        1 |       --- |             --- |
| Static Power            |     0.164 |          |           |                 |
| Total                   |     2.514 |          |           |                 |
+-------------------------+-----------+----------+-----------+-----------------+


1.2 Power Supply Summary
------------------------

+-----------+-------------+-----------+-------------+------------+-------------+-------------+------------+
| Source    | Voltage (V) | Total (A) | Dynamic (A) | Static (A) | Powerup (A) | Budget (A)  | Margin (A) |
+-----------+-------------+-----------+-------------+------------+-------------+-------------+------------+
| Vccint    |       1.000 |     0.203 |       0.184 |      0.020 |       NA    | Unspecified | NA         |
| Vccaux    |       1.800 |     0.337 |       0.320 |      0.017 |       NA    | Unspecified | NA         |
| Vcco33    |       3.300 |     0.000 |       0.000 |      0.000 |       NA    | Unspecified | NA         |
| Vcco25    |       2.500 |     0.006 |       0.005 |      0.001 |       NA    | Unspecified | NA         |
| Vcco18    |       1.800 |     0.006 |       0.005 |      0.001 |       NA    | Unspecified | NA         |
| Vcco15    |       1.500 |     0.000 |       0.000 |      0.000 |       NA    | Unspecified | NA         |
| Vcco135   |       1.350 |     0.000 |       0.000 |      0.000 |       NA    | Unspecified | NA         |
| Vcco12    |       1.200 |     0.000 |       0.000 |      0.000 |       NA    | Unspecified | NA         |
| Vccaux_io |       1.800 |     0.000 |       0.000 |      0.000 |       NA    | Unspecified | NA         |
| Vccbram   |       1.000 |     0.002 |       0.000 |      0.002 |       NA    | Unspecified | NA         |
| MGTAVcc   |       1.000 |     0.000 |       0.000 |      0.000 |       NA    | Unspecified | NA         |
| MGTAVtt   |       1.200 |     0.000 |       0.000 |      0.000 |       NA    | Unspecified | NA         |
| MGTVccaux |       1.800 |     0.000 |       0.000 |      0.000 |       NA    | Unspecified | NA         |
| Vccpint   |       1.000 |     0.708 |       0.670 |      0.037 |       NA    | Unspecified | NA         |
| Vccpaux   |       1.800 |     0.036 |       0.026 |      0.010 |       NA    | Unspecified | NA         |
| Vccpll    |       1.800 |     0.017 |       0.014 |      0.003 |       NA    | Unspecified | NA         |
| Vcco_ddr  |       1.500 |     0.356 |       0.354 |      0.002 |       NA    | Unspecified | NA         |
| Vcco_mio0 |       3.300 |     0.003 |       0.002 |      0.001 |       NA    | Unspecified | NA         |
| Vcco_mio1 |       3.300 |     0.001 |       0.000 |      0.001 |       NA    | Unspecified | NA         |
| Vccadc    |       1.800 |     0.020 |       0.000 |      0.020 |       NA    | Unspecified | NA         |
+-----------+-------------+-----------+-------------+------------+-------------+-------------+------------+


1.3 Confidence Level
--------------------

+-----------------------------+------------+--------------------------------------------------------+------------------------------------------------------------------------------------------------------------+
| User Input Data             | Confidence | Details                                                | Action                                                                                                     |
+-----------------------------+------------+--------------------------------------------------------+------------------------------------------------------------------------------------------------------------+
| Design implementation state | High       | Design is routed                                       |                                                                                                            |
| Clock nodes activity        | High       | User specified more than 95% of clocks                 |                                                                                                            |
| I/O nodes activity          | Low        | More than 75% of inputs are missing user specification | Provide missing input activity with simulation results or by editing the "By Resource Type -> I/Os" view   |
| Internal nodes activity     | Medium     | User specified less than 25% of internal nodes         | Provide missing internal nodes activity with simulation results or by editing the "By Resource Type" views |
| Device models               | High       | Device models are Production                           |                                                                                                            |
|                             |            |                                                        |                                                                                                            |
| Overall confidence level    | Low        |                                                        |                                                                                                            |
+-----------------------------+------------+--------------------------------------------------------+------------------------------------------------------------------------------------------------------------+


2. Settings
-----------

2.1 Environment
---------------

+-----------------------+------------------------+
| Ambient Temp (C)      | 25.0                   |
| ThetaJA (C/W)         | 11.5                   |
| Airflow (LFM)         | 250                    |
| Heat Sink             | none                   |
| ThetaSA (C/W)         | 0.0                    |
| Board Selection       | medium (10"x10")       |
| # of Board Layers     | 8to11 (8 to 11 Layers) |
| Board Temperature (C) | 25.0                   |
+-----------------------+------------------------+


2.2 Clock Constraints
---------------------

+-----------------------------------------+------------------------------------------------------------------------------------------------+-----------------+
| Clock                                   | Domain                                                                                         | Constraint (ns) |
+-----------------------------------------+------------------------------------------------------------------------------------------------+-----------------+
| clk_10                                  | i_system_wrapper/system_i/gmii_to_rgmii_0/U0/i_system_gmii_to_rgmii_0_0_clocking/clk_10        |           100.0 |
| clk_fpga_0                              | i_system_wrapper/system_i/sys_ps7/inst/FCLK_CLK_unbuffered[0]                                  |            10.0 |
| clk_fpga_2                              | i_system_wrapper/system_i/sys_ps7/inst/FCLK_CLK_unbuffered[2]                                  |             5.0 |
| clk_out1_system_clk_wiz_1_0             | i_system_wrapper/system_i/clk_wiz_1/inst/clk_out1_system_clk_wiz_1_0                           |           125.0 |
| clk_out2_system_clk_wiz_1_0             | i_system_wrapper/system_i/clk_wiz_1/inst/clk_out2_system_clk_wiz_1_0                           |            62.5 |
| clkfbout                                | i_system_wrapper/system_i/gmii_to_rgmii_0/U0/i_system_gmii_to_rgmii_0_0_clocking/clkfbout      |             5.0 |
| clkfbout_system_clk_wiz_1_0             | i_system_wrapper/system_i/clk_wiz_1/inst/clkfbout_system_clk_wiz_1_0                           |            31.2 |
| i_system_gmii_to_rgmii_0_0_clocking_n_2 | i_system_wrapper/system_i/gmii_to_rgmii_0/U0/i_system_gmii_to_rgmii_0_0_clocking/gmii_clk_125m |             8.0 |
| i_system_gmii_to_rgmii_0_0_clocking_n_3 | i_system_wrapper/system_i/gmii_to_rgmii_0/U0/i_system_gmii_to_rgmii_0_0_clocking/gmii_clk_25m  |            40.0 |
| i_system_gmii_to_rgmii_0_0_clocking_n_4 | i_system_wrapper/system_i/gmii_to_rgmii_0/U0/i_system_gmii_to_rgmii_0_0_clocking/gmii_clk_2_5m |           400.0 |
| rgmii_rx_clk                            | rgmii_rxc                                                                                      |             8.0 |
| rx_clk                                  | i_system_wrapper/system_i/axi_ad9361/inst/i_dev_if/i_clk/clk                                   |             4.0 |
| rx_clk                                  | rx_clk_in_p                                                                                    |             4.0 |
+-----------------------------------------+------------------------------------------------------------------------------------------------+-----------------+


3. Detailed Reports
-------------------

3.1 By Hierarchy
----------------

+----------------------------+-----------+
| Name                       | Power (W) |
+----------------------------+-----------+
| system_top                 |     2.350 |
|   gpio_ctl_IOBUF[0]_inst   |     0.001 |
|   gpio_ctl_IOBUF[1]_inst   |     0.001 |
|   gpio_ctl_IOBUF[2]_inst   |     0.001 |
|   gpio_ctl_IOBUF[3]_inst   |     0.001 |
|   gpio_en_agc_IOBUF_inst   |     0.001 |
|   gpio_resetb_IOBUF_inst   |     0.001 |
|   gpio_sync_IOBUF_inst     |     0.001 |
|   i_system_wrapper         |     2.338 |
|     system_i               |     2.337 |
|       axi_ad9361           |     0.426 |
|       axi_cpu_interconnect |     0.017 |
|       axi_gpreg            |     0.001 |
|       axi_iic_main         |     0.002 |
|       btle_controller_0    |     0.014 |
|       clk_wiz_1            |     0.460 |
|       gmii_to_rgmii_0      |     0.128 |
|       sys_ps7              |     1.284 |
|       util_ad9361_adc_fifo |     0.003 |
+----------------------------+-----------+


